2025-03-31 13:34:17,107 - INFO - server listening on 0.0.0.0:9000
2025-03-31 13:34:17,107 - INFO - OCPP 1.6 server started. Waiting for connections...
2025-03-31 13:34:17,299 - INFO - connection open
2025-03-31 13:34:17,303 - INFO - Charge point EVB1A22P4RI3N223652300201652B2C54 connected.
2025-03-31 13:34:22,300 - INFO - EVB1A22P4RI3N223652300201652B2C54: receive message [2,"445","Heartbeat",{}]
2025-03-31 13:34:22,327 - INFO - Heartbeat received. Responding with current time: 2025-03-31T10:34:22.325945+00:00
2025-03-31 13:34:22,332 - INFO - EVB1A22P4RI3N223652300201652B2C54: send [3,"445",{"currentTime":"2025-03-31T10:34:22.325945+00:00"}]
2025-03-31 13:34:29,328 - INFO - EVB1A22P4RI3N223652300201652B2C54: receive message [2,"446","Heartbeat",{}]
2025-03-31 13:34:29,331 - INFO - Heartbeat received. Responding with current time: 2025-03-31T10:34:29.331286+00:00
2025-03-31 13:34:29,332 - INFO - EVB1A22P4RI3N223652300201652B2C54: send [3,"446",{"currentTime":"2025-03-31T10:34:29.331286+00:00"}]
2025-03-31 13:34:41,372 - INFO - EVB1A22P4RI3N223652300201652B2C54: receive message [2,"447","Heartbeat",{}]
2025-03-31 13:34:41,378 - INFO - Heartbeat received. Responding with current time: 2025-03-31T10:34:41.376878+00:00
2025-03-31 13:34:41,383 - INFO - EVB1A22P4RI3N223652300201652B2C54: send [3,"447",{"currentTime":"2025-03-31T10:34:41.376878+00:00"}]
2025-03-31 13:34:53,413 - INFO - EVB1A22P4RI3N223652300201652B2C54: receive message [2,"448","Heartbeat",{}]
2025-03-31 13:34:53,418 - INFO - Heartbeat received. Responding with current time: 2025-03-31T10:34:53.418325+00:00
2025-03-31 13:34:53,418 - INFO - EVB1A22P4RI3N223652300201652B2C54: send [3,"448",{"currentTime":"2025-03-31T10:34:53.418325+00:00"}]
2025-03-31 13:35:05,464 - INFO - EVB1A22P4RI3N223652300201652B2C54: receive message [2,"449","Heartbeat",{}]
2025-03-31 13:35:05,467 - INFO - Heartbeat received. Responding with current time: 2025-03-31T10:35:05.467589+00:00
2025-03-31 13:35:05,469 - INFO - EVB1A22P4RI3N223652300201652B2C54: send [3,"449",{"currentTime":"2025-03-31T10:35:05.467589+00:00"}]
2025-03-31 13:35:07,872 - INFO - Server shutdown gracefully.
